[0.298s] DEBUG:colcon:Command line arguments: ['/usr/bin/colcon', 'build']
[0.298s] DEBUG:colcon:Parsed command line arguments: Namespace(log_base=None, log_level=None, verb_name='build', build_base='build', install_base='install', merge_install=False, symlink_install=False, test_result_base=None, continue_on_error=False, executor='parallel', parallel_workers=4, event_handlers=None, ignore_user_meta=False, metas=['./colcon.meta'], base_paths=['.'], packages_ignore=None, packages_ignore_regex=None, paths=None, packages_up_to=None, packages_up_to_regex=None, packages_above=None, packages_above_and_dependencies=None, packages_above_depth=None, packages_select_by_dep=None, packages_skip_by_dep=None, packages_skip_up_to=None, packages_select_build_failed=False, packages_skip_build_finished=False, packages_select_test_failures=False, packages_skip_test_passed=False, packages_select=None, packages_skip=None, packages_select_regex=None, packages_skip_regex=None, packages_start=None, packages_end=None, allow_overriding=[], cmake_args=None, cmake_target=None, cmake_target_skip_unavailable=False, cmake_clean_cache=False, cmake_clean_first=False, cmake_force_configure=False, ament_cmake_args=None, catkin_cmake_args=None, catkin_skip_building_tests=False, mixin_files=None, mixin=None, verb_parser=<colcon_mixin.mixin.mixin_argument.MixinArgumentDecorator object at 0xffffb4cafaa0>, verb_extension=<colcon_core.verb.build.BuildVerb object at 0xffffb4c53440>, main=<bound method BuildVerb.main of <colcon_core.verb.build.BuildVerb object at 0xffffb4c53440>>, mixin_verb=('build',))
[0.384s] Level 1:colcon.colcon_core.package_discovery:discover_packages(colcon_meta) check parameters
[0.384s] Level 1:colcon.colcon_core.package_discovery:discover_packages(recursive) check parameters
[0.384s] Level 1:colcon.colcon_core.package_discovery:discover_packages(ignore) check parameters
[0.384s] Level 1:colcon.colcon_core.package_discovery:discover_packages(path) check parameters
[0.384s] Level 1:colcon.colcon_core.package_discovery:discover_packages(colcon_meta) discover
[0.384s] Level 1:colcon.colcon_core.package_discovery:discover_packages(recursive) discover
[0.384s] INFO:colcon.colcon_core.package_discovery:Crawling recursively for packages in '/home/hermes/Desktop/rosbot_ws/src/rosbot_ros/rosbot_description/urdf'
[0.384s] Level 1:colcon.colcon_core.package_identification:_identify(.) by extensions ['ignore', 'ignore_ament_install']
[0.385s] Level 1:colcon.colcon_core.package_identification:_identify(.) by extension 'ignore'
[0.385s] Level 1:colcon.colcon_core.package_identification:_identify(.) by extension 'ignore_ament_install'
[0.385s] Level 1:colcon.colcon_core.package_identification:_identify(.) by extensions ['colcon_pkg']
[0.385s] Level 1:colcon.colcon_core.package_identification:_identify(.) by extension 'colcon_pkg'
[0.385s] Level 1:colcon.colcon_core.package_identification:_identify(.) by extensions ['colcon_meta']
[0.385s] Level 1:colcon.colcon_core.package_identification:_identify(.) by extension 'colcon_meta'
[0.385s] Level 1:colcon.colcon_core.package_identification:_identify(.) by extensions ['ros']
[0.385s] Level 1:colcon.colcon_core.package_identification:_identify(.) by extension 'ros'
[0.433s] Level 1:colcon.colcon_core.package_identification:_identify(.) by extensions ['cmake', 'python']
[0.433s] Level 1:colcon.colcon_core.package_identification:_identify(.) by extension 'cmake'
[0.433s] Level 1:colcon.colcon_core.package_identification:_identify(.) by extension 'python'
[0.433s] Level 1:colcon.colcon_core.package_identification:_identify(.) by extensions ['python_setup_py']
[0.433s] Level 1:colcon.colcon_core.package_identification:_identify(.) by extension 'python_setup_py'
[0.434s] Level 1:colcon.colcon_core.package_identification:_identify(build) by extensions ['ignore', 'ignore_ament_install']
[0.434s] Level 1:colcon.colcon_core.package_identification:_identify(build) by extension 'ignore'
[0.434s] Level 1:colcon.colcon_core.package_identification:_identify(build) ignored
[0.434s] Level 1:colcon.colcon_core.package_identification:_identify(common) by extensions ['ignore', 'ignore_ament_install']
[0.434s] Level 1:colcon.colcon_core.package_identification:_identify(common) by extension 'ignore'
[0.434s] Level 1:colcon.colcon_core.package_identification:_identify(common) by extension 'ignore_ament_install'
[0.434s] Level 1:colcon.colcon_core.package_identification:_identify(common) by extensions ['colcon_pkg']
[0.434s] Level 1:colcon.colcon_core.package_identification:_identify(common) by extension 'colcon_pkg'
[0.434s] Level 1:colcon.colcon_core.package_identification:_identify(common) by extensions ['colcon_meta']
[0.434s] Level 1:colcon.colcon_core.package_identification:_identify(common) by extension 'colcon_meta'
[0.434s] Level 1:colcon.colcon_core.package_identification:_identify(common) by extensions ['ros']
[0.434s] Level 1:colcon.colcon_core.package_identification:_identify(common) by extension 'ros'
[0.434s] Level 1:colcon.colcon_core.package_identification:_identify(common) by extensions ['cmake', 'python']
[0.434s] Level 1:colcon.colcon_core.package_identification:_identify(common) by extension 'cmake'
[0.434s] Level 1:colcon.colcon_core.package_identification:_identify(common) by extension 'python'
[0.435s] Level 1:colcon.colcon_core.package_identification:_identify(common) by extensions ['python_setup_py']
[0.435s] Level 1:colcon.colcon_core.package_identification:_identify(common) by extension 'python_setup_py'
[0.435s] Level 1:colcon.colcon_core.package_identification:_identify(install) by extensions ['ignore', 'ignore_ament_install']
[0.435s] Level 1:colcon.colcon_core.package_identification:_identify(install) by extension 'ignore'
[0.435s] Level 1:colcon.colcon_core.package_identification:_identify(install) ignored
[0.435s] Level 1:colcon.colcon_core.package_identification:_identify(log) by extensions ['ignore', 'ignore_ament_install']
[0.435s] Level 1:colcon.colcon_core.package_identification:_identify(log) by extension 'ignore'
[0.435s] Level 1:colcon.colcon_core.package_identification:_identify(log) ignored
[0.435s] Level 1:colcon.colcon_core.package_identification:_identify(open_manipulator) by extensions ['ignore', 'ignore_ament_install']
[0.435s] Level 1:colcon.colcon_core.package_identification:_identify(open_manipulator) by extension 'ignore'
[0.435s] Level 1:colcon.colcon_core.package_identification:_identify(open_manipulator) by extension 'ignore_ament_install'
[0.435s] Level 1:colcon.colcon_core.package_identification:_identify(open_manipulator) by extensions ['colcon_pkg']
[0.435s] Level 1:colcon.colcon_core.package_identification:_identify(open_manipulator) by extension 'colcon_pkg'
[0.435s] Level 1:colcon.colcon_core.package_identification:_identify(open_manipulator) by extensions ['colcon_meta']
[0.435s] Level 1:colcon.colcon_core.package_identification:_identify(open_manipulator) by extension 'colcon_meta'
[0.435s] Level 1:colcon.colcon_core.package_identification:_identify(open_manipulator) by extensions ['ros']
[0.435s] Level 1:colcon.colcon_core.package_identification:_identify(open_manipulator) by extension 'ros'
[0.436s] Level 1:colcon.colcon_core.package_identification:_identify(open_manipulator) by extensions ['cmake', 'python']
[0.436s] Level 1:colcon.colcon_core.package_identification:_identify(open_manipulator) by extension 'cmake'
[0.436s] Level 1:colcon.colcon_core.package_identification:_identify(open_manipulator) by extension 'python'
[0.436s] Level 1:colcon.colcon_core.package_identification:_identify(open_manipulator) by extensions ['python_setup_py']
[0.436s] Level 1:colcon.colcon_core.package_identification:_identify(open_manipulator) by extension 'python_setup_py'
[0.436s] Level 1:colcon.colcon_core.package_identification:_identify(rosbot) by extensions ['ignore', 'ignore_ament_install']
[0.436s] Level 1:colcon.colcon_core.package_identification:_identify(rosbot) by extension 'ignore'
[0.436s] Level 1:colcon.colcon_core.package_identification:_identify(rosbot) by extension 'ignore_ament_install'
[0.436s] Level 1:colcon.colcon_core.package_identification:_identify(rosbot) by extensions ['colcon_pkg']
[0.436s] Level 1:colcon.colcon_core.package_identification:_identify(rosbot) by extension 'colcon_pkg'
[0.436s] Level 1:colcon.colcon_core.package_identification:_identify(rosbot) by extensions ['colcon_meta']
[0.436s] Level 1:colcon.colcon_core.package_identification:_identify(rosbot) by extension 'colcon_meta'
[0.436s] Level 1:colcon.colcon_core.package_identification:_identify(rosbot) by extensions ['ros']
[0.436s] Level 1:colcon.colcon_core.package_identification:_identify(rosbot) by extension 'ros'
[0.436s] Level 1:colcon.colcon_core.package_identification:_identify(rosbot) by extensions ['cmake', 'python']
[0.436s] Level 1:colcon.colcon_core.package_identification:_identify(rosbot) by extension 'cmake'
[0.436s] Level 1:colcon.colcon_core.package_identification:_identify(rosbot) by extension 'python'
[0.436s] Level 1:colcon.colcon_core.package_identification:_identify(rosbot) by extensions ['python_setup_py']
[0.436s] Level 1:colcon.colcon_core.package_identification:_identify(rosbot) by extension 'python_setup_py'
[0.436s] Level 1:colcon.colcon_core.package_identification:_identify(rosbot/components) by extensions ['ignore', 'ignore_ament_install']
[0.436s] Level 1:colcon.colcon_core.package_identification:_identify(rosbot/components) by extension 'ignore'
[0.437s] Level 1:colcon.colcon_core.package_identification:_identify(rosbot/components) by extension 'ignore_ament_install'
[0.437s] Level 1:colcon.colcon_core.package_identification:_identify(rosbot/components) by extensions ['colcon_pkg']
[0.437s] Level 1:colcon.colcon_core.package_identification:_identify(rosbot/components) by extension 'colcon_pkg'
[0.437s] Level 1:colcon.colcon_core.package_identification:_identify(rosbot/components) by extensions ['colcon_meta']
[0.437s] Level 1:colcon.colcon_core.package_identification:_identify(rosbot/components) by extension 'colcon_meta'
[0.437s] Level 1:colcon.colcon_core.package_identification:_identify(rosbot/components) by extensions ['ros']
[0.437s] Level 1:colcon.colcon_core.package_identification:_identify(rosbot/components) by extension 'ros'
[0.437s] Level 1:colcon.colcon_core.package_identification:_identify(rosbot/components) by extensions ['cmake', 'python']
[0.437s] Level 1:colcon.colcon_core.package_identification:_identify(rosbot/components) by extension 'cmake'
[0.437s] Level 1:colcon.colcon_core.package_identification:_identify(rosbot/components) by extension 'python'
[0.437s] Level 1:colcon.colcon_core.package_identification:_identify(rosbot/components) by extensions ['python_setup_py']
[0.437s] Level 1:colcon.colcon_core.package_identification:_identify(rosbot/components) by extension 'python_setup_py'
[0.437s] Level 1:colcon.colcon_core.package_identification:_identify(rosbot_xl) by extensions ['ignore', 'ignore_ament_install']
[0.437s] Level 1:colcon.colcon_core.package_identification:_identify(rosbot_xl) by extension 'ignore'
[0.437s] Level 1:colcon.colcon_core.package_identification:_identify(rosbot_xl) by extension 'ignore_ament_install'
[0.437s] Level 1:colcon.colcon_core.package_identification:_identify(rosbot_xl) by extensions ['colcon_pkg']
[0.437s] Level 1:colcon.colcon_core.package_identification:_identify(rosbot_xl) by extension 'colcon_pkg'
[0.437s] Level 1:colcon.colcon_core.package_identification:_identify(rosbot_xl) by extensions ['colcon_meta']
[0.437s] Level 1:colcon.colcon_core.package_identification:_identify(rosbot_xl) by extension 'colcon_meta'
[0.437s] Level 1:colcon.colcon_core.package_identification:_identify(rosbot_xl) by extensions ['ros']
[0.437s] Level 1:colcon.colcon_core.package_identification:_identify(rosbot_xl) by extension 'ros'
[0.437s] Level 1:colcon.colcon_core.package_identification:_identify(rosbot_xl) by extensions ['cmake', 'python']
[0.438s] Level 1:colcon.colcon_core.package_identification:_identify(rosbot_xl) by extension 'cmake'
[0.438s] Level 1:colcon.colcon_core.package_identification:_identify(rosbot_xl) by extension 'python'
[0.438s] Level 1:colcon.colcon_core.package_identification:_identify(rosbot_xl) by extensions ['python_setup_py']
[0.438s] Level 1:colcon.colcon_core.package_identification:_identify(rosbot_xl) by extension 'python_setup_py'
[0.438s] Level 1:colcon.colcon_core.package_identification:_identify(rosbot_xl/components) by extensions ['ignore', 'ignore_ament_install']
[0.438s] Level 1:colcon.colcon_core.package_identification:_identify(rosbot_xl/components) by extension 'ignore'
[0.438s] Level 1:colcon.colcon_core.package_identification:_identify(rosbot_xl/components) by extension 'ignore_ament_install'
[0.438s] Level 1:colcon.colcon_core.package_identification:_identify(rosbot_xl/components) by extensions ['colcon_pkg']
[0.438s] Level 1:colcon.colcon_core.package_identification:_identify(rosbot_xl/components) by extension 'colcon_pkg'
[0.438s] Level 1:colcon.colcon_core.package_identification:_identify(rosbot_xl/components) by extensions ['colcon_meta']
[0.438s] Level 1:colcon.colcon_core.package_identification:_identify(rosbot_xl/components) by extension 'colcon_meta'
[0.438s] Level 1:colcon.colcon_core.package_identification:_identify(rosbot_xl/components) by extensions ['ros']
[0.438s] Level 1:colcon.colcon_core.package_identification:_identify(rosbot_xl/components) by extension 'ros'
[0.438s] Level 1:colcon.colcon_core.package_identification:_identify(rosbot_xl/components) by extensions ['cmake', 'python']
[0.438s] Level 1:colcon.colcon_core.package_identification:_identify(rosbot_xl/components) by extension 'cmake'
[0.438s] Level 1:colcon.colcon_core.package_identification:_identify(rosbot_xl/components) by extension 'python'
[0.438s] Level 1:colcon.colcon_core.package_identification:_identify(rosbot_xl/components) by extensions ['python_setup_py']
[0.438s] Level 1:colcon.colcon_core.package_identification:_identify(rosbot_xl/components) by extension 'python_setup_py'
[0.438s] Level 1:colcon.colcon_core.package_discovery:discover_packages(recursive) using defaults
[0.438s] Level 1:colcon.colcon_core.package_discovery:discover_packages(ignore) discover
[0.438s] Level 1:colcon.colcon_core.package_discovery:discover_packages(ignore) using defaults
[0.438s] Level 1:colcon.colcon_core.package_discovery:discover_packages(path) discover
[0.438s] Level 1:colcon.colcon_core.package_discovery:discover_packages(path) using defaults
[0.489s] Level 1:colcon.colcon_core.package_discovery:discover_packages(prefix_path) check parameters
[0.489s] Level 1:colcon.colcon_core.package_discovery:discover_packages(prefix_path) discover
[0.509s] DEBUG:colcon.colcon_installed_package_information.package_discovery:Found 1 installed packages in /home/hermes/Desktop/H.E.R.M.E.S/ros_version/install
[0.509s] DEBUG:colcon.colcon_installed_package_information.package_discovery:Found 1 installed packages in /home/hermes/Desktop/optitrack_ws/install
[0.555s] DEBUG:colcon.colcon_installed_package_information.package_discovery:Found 366 installed packages in /home/hermes/ros2_jazzy/install
[0.556s] DEBUG:colcon.colcon_installed_package_information.package_discovery:Found 3 installed packages in /opt/ros/jazzy
[0.556s] Level 1:colcon.colcon_core.package_discovery:discover_packages(prefix_path) using defaults
[0.607s] INFO:colcon.colcon_core.executor:Executing jobs using 'parallel' executor
[0.609s] DEBUG:colcon.colcon_parallel_executor.executor.parallel:run_until_complete
[0.609s] DEBUG:colcon.colcon_parallel_executor.executor.parallel:closing loop
[0.609s] DEBUG:colcon.colcon_parallel_executor.executor.parallel:loop closed
[0.609s] DEBUG:colcon.colcon_parallel_executor.executor.parallel:run_until_complete finished with '0'
[0.609s] DEBUG:colcon.colcon_core.event_reactor:joining thread
[0.627s] INFO:colcon.colcon_core.plugin_system:Skipping extension 'colcon_notification.desktop_notification.terminal_notifier': Not used on non-Darwin systems
[0.628s] INFO:colcon.colcon_core.plugin_system:Skipping extension 'colcon_notification.desktop_notification.win32': Not used on non-Windows systems
[0.628s] INFO:colcon.colcon_notification.desktop_notification:Sending desktop notification using 'notify2'
[0.629s] DEBUG:colcon.colcon_notification.desktop_notification.notify2:Failed to initialize notify2: org.freedesktop.DBus.Error.ServiceUnknown: The name org.freedesktop.Notifications was not provided by any .service files
[0.629s] DEBUG:colcon.colcon_core.event_reactor:joined thread
[0.637s] INFO:colcon.colcon_core.plugin_system:Skipping extension 'colcon_core.shell.bat': Not used on non-Windows systems
[0.637s] INFO:colcon.colcon_core.shell:Creating prefix script '/home/hermes/Desktop/rosbot_ws/src/rosbot_ros/rosbot_description/urdf/install/local_setup.ps1'
[0.639s] INFO:colcon.colcon_core.shell:Creating prefix util module '/home/hermes/Desktop/rosbot_ws/src/rosbot_ros/rosbot_description/urdf/install/_local_setup_util_ps1.py'
[0.641s] INFO:colcon.colcon_core.shell:Creating prefix chain script '/home/hermes/Desktop/rosbot_ws/src/rosbot_ros/rosbot_description/urdf/install/setup.ps1'
[0.661s] INFO:colcon.colcon_core.shell:Creating prefix script '/home/hermes/Desktop/rosbot_ws/src/rosbot_ros/rosbot_description/urdf/install/local_setup.sh'
[0.662s] INFO:colcon.colcon_core.shell:Creating prefix util module '/home/hermes/Desktop/rosbot_ws/src/rosbot_ros/rosbot_description/urdf/install/_local_setup_util_sh.py'
[0.663s] INFO:colcon.colcon_core.shell:Creating prefix chain script '/home/hermes/Desktop/rosbot_ws/src/rosbot_ros/rosbot_description/urdf/install/setup.sh'
[0.683s] INFO:colcon.colcon_core.shell:Creating prefix script '/home/hermes/Desktop/rosbot_ws/src/rosbot_ros/rosbot_description/urdf/install/local_setup.bash'
[0.684s] INFO:colcon.colcon_core.shell:Creating prefix chain script '/home/hermes/Desktop/rosbot_ws/src/rosbot_ros/rosbot_description/urdf/install/setup.bash'
[0.703s] INFO:colcon.colcon_core.shell:Creating prefix script '/home/hermes/Desktop/rosbot_ws/src/rosbot_ros/rosbot_description/urdf/install/local_setup.zsh'
[0.704s] INFO:colcon.colcon_core.shell:Creating prefix chain script '/home/hermes/Desktop/rosbot_ws/src/rosbot_ros/rosbot_description/urdf/install/setup.zsh'
